#
# A fatal error has been detected by the Java Runtime Environment:
#
#  EXCEPTION_ACCESS_VIOLATION (0xc0000005) at pc=0x00007fffce6126c4, pid=13720, tid=11848
#
# JRE version: OpenJDK Runtime Environment (24.0.1+9) (build 24.0.1+9-30)
# Java VM: OpenJDK 64-Bit Server VM (24.0.1+9-30, mixed mode, emulated-client, sharing, tiered, compressed oops, compressed class ptrs, g1 gc, windows-amd64)
# Problematic frame:
# C  [libasyncProfiler.dll+0x926c4]
#
# No core dump will be written. Minidumps are not enabled by default on client versions of Windows
#
# JFR recording file will be written. Location: C:\Users\25261\Downloads\ca226democ1220732 (1)\ca226democ1220732\hs_err_pid13720.jfr
#
# If you would like to submit a bug report, please visit:
#   https://bugreport.java.com/bugreport/crash.jsp
# The crash happened outside the Java Virtual Machine in native code.
# See problematic frame for where to report the bug.
#

---------------  S U M M A R Y ------------

Command Line: --enable-preview -XX:TieredStopAtLevel=1 -Dspring.output.ansi.enabled=always -Dcom.sun.management.jmxremote -Dspring.jmx.enabled=true -Dspring.liveBeansView.mbeanDomain -Dspring.application.admin.enabled=true -Dmanagement.endpoints.jmx.exposure.include=* -javaagent:C:\Program Files\JetBrains\IntelliJ IDEA 2025.1\lib\idea_rt.jar=52313 -Dfile.encoding=UTF-8 -Dsun.stdout.encoding=UTF-8 -Dsun.stderr.encoding=UTF-8 com.just.ca226democ1220732.Ca226democ1220732Application

Host: Intel(R) Celeron(R) N4020 CPU @ 1.10GHz, 2 cores, 5G,  Windows 11 , 64 bit Build 22621 (10.0.22621.2506)
Time: Thu May  1 19:57:38 2025 E. Africa Standard Time elapsed time: 37.617080 seconds (0d 0h 0m 37s)

---------------  T H R E A D  ---------------

Current thread (0x00000231ebb68970):  JavaThread "Attach Listener" daemon [_thread_in_native, id=11848, stack(0x000000674ac00000,0x000000674ad00000) (1024K)]

Stack: [0x000000674ac00000,0x000000674ad00000],  sp=0x000000674acff100,  free space=1020k
Native frames: (J=compiled Java code, j=interpreted, Vv=VM code, C=native code)
C  [libasyncProfiler.dll+0x926c4]  (no source info available)
C  [libasyncProfiler.dll+0x92b9b]  (no source info available)
C  [libasyncProfiler.dll+0x917f4]  (no source info available)
C  [libasyncProfiler.dll+0x9206a]  (no source info available)
C  [libasyncProfiler.dll+0x8cc21]  (no source info available)
C  [libasyncProfiler.dll+0x7e5e1]  (no source info available)
C  [libasyncProfiler.dll+0x7d2f8]  (no source info available)
C  [libasyncProfiler.dll+0x7d1e0]  (no source info available)
C  [libasyncProfiler.dll+0x841b9]  (no source info available)
V  [jvm.dll+0x57eff7]  (no source info available)
V  [jvm.dll+0x57fdac]  (no source info available)
V  [jvm.dll+0x14ca17]  (no source info available)
V  [jvm.dll+0x14dfe1]  (no source info available)
V  [jvm.dll+0x42f456]  (no source info available)
V  [jvm.dll+0x87d76b]  (no source info available)
V  [jvm.dll+0x72ee55]  (no source info available)
C  [ucrtbase.dll+0x29363]  (no source info available)
C  [KERNEL32.DLL+0x1257d]  (no source info available)
C  [ntdll.dll+0x5aa58]  (no source info available)


siginfo: EXCEPTION_ACCESS_VIOLATION (0xc0000005), reading address 0xffffffffffffffff


Registers:
RAX=0x0000000000000010, RBX=0x0000000000000000, RCX=0xffffffffffffffff, RDX=0x007fffd3eb300010
RSP=0x000000674acff100, RBP=0x00000231c53649f0, RSI=0x000000674acff270, RDI=0x00000231c53649f0
R8 =0x0000000000000042, R9 =0x00000000a2df04b0, R10=0x00007fffd4129fb0, R11=0x0000000000000012
R12=0x000000674acff270, R13=0x00000231c5602640, R14=0x00000231ebb68d38, R15=0x00000231ebb68d38
RIP=0x00007fffce6126c4, EFLAGS=0x0000000000010202

XMM[0]=0x0000000000000000 0x0000000000000000
XMM[1]=0x0000000000000000 0x0000000000000000
XMM[2]=0x0000000000000000 0x0000000000000000
XMM[3]=0x0000000000000000 0x0000000000000000
XMM[4]=0x0000000000000000 0x0000000000000000
XMM[5]=0x0000000000000000 0x0000000000000000
XMM[6]=0x0000000000000000 0x0000000000000000
XMM[7]=0x0000000000000000 0x0000000000000000
XMM[8]=0x0000000000000000 0x0000000000000000
XMM[9]=0x0000000000000000 0x0000000000000000
XMM[10]=0x0000000000000000 0x0000000000000000
XMM[11]=0x0000000000000000 0x0000000000000000
XMM[12]=0x0000000000000000 0x0000000000000000
XMM[13]=0x0000000000000000 0x0000000000000000
XMM[14]=0x0000000000000000 0x0000000000000000
XMM[15]=0x0000000000000000 0x0000000000000000
  MXCSR=0x00001fa0


Register to memory mapping:

RAX=0x0000000000000010 is an unknown value
RBX=0x0 is null
RCX=0xffffffffffffffff is an unknown value
RDX=0x007fffd3eb300010 is an unknown value
RSP=0x000000674acff100 is pointing into the stack for thread: 0x00000231ebb68970
RBP=0x00000231c53649f0 points into unknown readable memory: 0x00000000a2df04b0 | b0 04 df a2 00 00 00 00
RSI=0x000000674acff270 is pointing into the stack for thread: 0x00000231ebb68970
RDI=0x00000231c53649f0 points into unknown readable memory: 0x00000000a2df04b0 | b0 04 df a2 00 00 00 00
R8 =0x0000000000000042 is an unknown value
R9 =0x00000000a2df04b0 is an oop: java.lang.ref.Reference$ReferenceHandler 
{0x00000000a2df04b0} - klass: 'java/lang/ref/Reference$ReferenceHandler' - flags: 

 - ---- fields (total size 14 words):
 - 'threadLocalRandomProbe' 'I' @12  0 (0x00000000)
 - private volatile 'eetop' 'J' @16  2413431236336 (0x00000231ebb626f0)
 - private final 'tid' 'J' @24  12 (0x000000000000000c)
 - 'threadLocalRandomSeed' 'J' @32  0 (0x0000000000000000)
 - injected 'jvmti_thread_state' 'J' @40  2412787958560 (0x00000231c55e8320)
 - 'threadLocalRandomSecondarySeed' 'I' @48  0 (0x00000000)
 - injected 'jvmti_VTMS_transition_disable_count' 'I' @52  0 (0x00000000)
 - injected 'jfr_epoch' 'S' @56  0 (0x0000)
 - volatile 'interrupted' 'Z' @58  false (0x00)
 - injected 'jvmti_is_in_VTMS_transition' 'Z' @59  false (0x00)
 - private volatile 'name' 'Ljava/lang/String;' @60  "Reference Handler"{0x00000000ffe0a468} (0xffe0a468)
 - private volatile 'contextClassLoader' 'Ljava/lang/ClassLoader;' @64  null (0x00000000)
 - private final 'holder' 'Ljava/lang/Thread$FieldHolder;' @68  a 'java/lang/Thread$FieldHolder'{0x00000000a2fe77a8} (0xa2fe77a8)
 - 'threadLocals' 'Ljava/lang/ThreadLocal$ThreadLocalMap;' @72  null (0x00000000)
 - 'inheritableThreadLocals' 'Ljava/lang/ThreadLocal$ThreadLocalMap;' @76  null (0x00000000)
 - private 'scopedValueBindings' 'Ljava/lang/Object;' @80  a 'java/lang/Class'{0x00000000ffe7c258} = 'java/lang/Thread' (0xffe7c258)
 - final 'interruptLock' 'Ljava/lang/Object;' @84  a 'java/lang/Object'{0x00000000a2fe77d0} (0xa2fe77d0)
 - private volatile 'parkBlocker' 'Ljava/lang/Object;' @88  null (0x00000000)
 - private 'nioBlocker' 'Lsun/nio/ch/Interruptible;' @92  null (0x00000000)
 - private 'cont' 'Ljdk/internal/vm/Continuation;' @96  null (0x00000000)
 - private volatile 'uncaughtExceptionHandler' 'Ljava/lang/Thread$UncaughtExceptionHandler;' @100  null (0x00000000)
 - private 'container' 'Ljdk/internal/vm/ThreadContainer;' @104  null (0x00000000)
 - private volatile 'headStackableScopes' 'Ljdk/internal/vm/StackableScope;' @108  null (0x00000000)
R10=0x00007fffd4129fb0 jvm.dll
R11=0x0000000000000012 is an unknown value
R12=0x000000674acff270 is pointing into the stack for thread: 0x00000231ebb68970
R13=0x00000231c5602640 points into unknown readable memory: 0x00007fffd409a510 | 10 a5 09 d4 ff 7f 00 00
R14=0x00000231ebb68d38 points into unknown readable memory: 0x00007fffd40917b0 | b0 17 09 d4 ff 7f 00 00
R15=0x00000231ebb68d38 points into unknown readable memory: 0x00007fffd40917b0 | b0 17 09 d4 ff 7f 00 00

Top of Stack: (sp=0x000000674acff100)
0x000000674acff100:   000000674acff270 00000231c53649f0   p..Jg....I6.1...
0x000000674acff110:   0000000000000000 00000231ebb690c0   ............1...
0x000000674acff120:   000000000000002f 00007fffce612b9b   /........+a.....
0x000000674acff130:   0000000000000000 00000231ebb68d38   ........8...1...
0x000000674acff140:   000000674acff201 0000000000000000   ...Jg...........
0x000000674acff150:   00000231c532fbb0 00007fffce6117f4   ..2.1.....a.....
0x000000674acff160:   0000000000000000 000000000000002f   ......../.......
0x000000674acff170:   0000000000000000 000000000000002f   ......../.......
0x000000674acff180:   0000001ec8f17040 00000231c6846ec0   @p.......n..1...
0x000000674acff190:   00000231c532fbb0 00000231c532fc6c   ..2.1...l.2.1...
0x000000674acff1a0:   00000231c532fcac 0000000000003660   ..2.1...`6......
0x000000674acff1b0:   0000000000000000 0000000000000000   ................
0x000000674acff1c0:   0000000000000000 00007fffd38f57d4   .........W......
0x000000674acff1d0:   00007fffce754ca0 0000000000003598   .Lu......5......
0x000000674acff1e0:   00007fffce754ca0 00000000ffffffff   .Lu.............
0x000000674acff1f0:   0000000000000000 00007fffce61206a   ........j a.....
0x000000674acff200:   00000231ebb68d38 0000000000000000   8...1...........
0x000000674acff210:   000000674acff279 00000231c5602640   y..Jg...@&`.1...
0x000000674acff220:   0000000000000003 0000000000000048   ........H.......
0x000000674acff230:   0000000800800310 0000000000000020   ........ .......
0x000000674acff240:   00000231ebb68d38 00007fffce754ca0   8...1....Lu.....
0x000000674acff250:   00000231ebb9a230 00000231c55e8320   0...1... .^.1...
0x000000674acff260:   0000000800800390 00000231ebb68d38   ........8...1...
0x000000674acff270:   00000231c877de60 00000231c877e440   `.w.1...@.w.1...
0x000000674acff280:   00000231c877e440 00007fffce754ca0   @.w.1....Lu.....
0x000000674acff290:   00000231c58147e0 00000231da2d0000   .G..1.....-.1...
0x000000674acff2a0:   000000674acff540 0000000000008840   @..Jg...@.......
0x000000674acff2b0:   000000674acff720 00007fffce754cf0    ..Jg....Lu.....
0x000000674acff2c0:   0000000000989680 0000000000989680   ................
0x000000674acff2d0:   000000674acff3e0 00007fffce60cc21   ...Jg...!.`.....
0x000000674acff2e0:   00007fffce754ca0 00007fffce754cf8   .Lu......Lu.....
0x000000674acff2f0:   00007fff00000000 00007fff00000001   ................

Instructions: (pc=0x00007fffce6126c4)
  0x00007fffce6125c4:   cc cc cc cc cc cc cc cc cc cc cc cc cc cc cc cc
  0x00007fffce6125d4:   cc cc cc cc cc cc cc cc cc cc cc cc cc cc cc cc
  0x00007fffce6125e4:   cc cc cc cc cc cc cc cc cc cc cc cc cc cc cc cc
  0x00007fffce6125f4:   cc cc cc cc cc cc cc cc cc cc cc cc cc cc cc cc
  0x00007fffce612604:   cc cc cc cc cc cc cc cc cc cc cc cc cc cc cc cc
  0x00007fffce612614:   cc cc cc cc cc cc cc cc cc cc cc cc cc cc cc cc
  0x00007fffce612624:   cc cc cc cc cc cc cc cc cc cc cc cc cc cc cc cc
  0x00007fffce612634:   cc cc cc cc cc cc cc cc cc cc cc cc cc cc cc cc
  0x00007fffce612644:   cc cc cc cc cc cc cc cc cc cc cc cc 40 57 48 83
  0x00007fffce612654:   ec 20 48 8b f9 48 8b 0d 10 28 14 00 48 85 c9 74
  0x00007fffce612664:   20 48 8b 01 48 8d 54 24 38 41 b8 06 00 01 00 4c
  0x00007fffce612674:   8b 48 30 41 ff d1 85 c0 75 07 48 8b 4c 24 38 eb
  0x00007fffce612684:   02 33 c9 4c 8b 05 ea 28 14 00 48 89 5c 24 30 4d
  0x00007fffce612694:   85 c0 74 4a 48 8b 01 48 8b d7 4c 8b 88 28 03 00
  0x00007fffce6126a4:   00 41 ff d1 48 85 c0 74 35 48 63 0d f8 e6 13 00
  0x00007fffce6126b4:   48 8b 14 01 48 85 d2 74 15 48 63 05 fc e6 13 00
=>0x00007fffce6126c4:   8b 04 10 48 8b 5c 24 30 48 83 c4 20 5f c3 b8 ff
  0x00007fffce6126d4:   ff ff ff 48 8b 5c 24 30 48 83 c4 20 5f c3 80 3d
  0x00007fffce6126e4:   9b 27 14 00 00 bb ff ff ff ff 74 20 4c 8b 0d 31
  0x00007fffce6126f4:   24 14 00 4c 8d 44 24 38 48 8b 0d 15 24 14 00 48
  0x00007fffce612704:   8b d7 41 ff d1 85 c0 0f 44 5c 24 38 8b c3 48 8b
  0x00007fffce612714:   5c 24 30 48 83 c4 20 5f c3 cc cc cc cc cc cc cc
  0x00007fffce612724:   cc cc cc cc cc cc cc cc cc cc cc cc cc cc cc cc
  0x00007fffce612734:   cc cc cc cc cc cc cc cc cc cc cc cc cc cc cc cc
  0x00007fffce612744:   cc cc cc cc cc cc cc cc cc cc cc cc 48 89 54 24
  0x00007fffce612754:   10 53 55 56 57 41 56 41 57 48 83 ec 28 48 8b f2
  0x00007fffce612764:   4c 8b f1 48 89 4c 24 78 45 33 ff 44 89 7c 24 68
  0x00007fffce612774:   c7 44 24 60 01 00 00 00 48 8d 4c 24 68 e8 ed 42
  0x00007fffce612784:   f7 ff 8b d8 48 8d 4c 24 60 e8 e1 42 f7 ff 8b e8
  0x00007fffce612794:   49 8b ce e8 00 fc f6 ff 48 8b f8 90 8b c3 f0 0f
  0x00007fffce6127a4:   b1 2f 74 04 f3 90 eb f4 4c 89 3e 4c 89 7e 08 4c
  0x00007fffce6127b4:   89 7e 10 49 8b 6e 08 4d 8b 76 10 49 3b ee 0f 84


Stack slot to memory mapping:

stack at sp + 0 slots: 0x000000674acff270 is pointing into the stack for thread: 0x00000231ebb68970
stack at sp + 1 slots: 0x00000231c53649f0 points into unknown readable memory: 0x00000000a2df04b0 | b0 04 df a2 00 00 00 00
stack at sp + 2 slots: 0x0 is null
stack at sp + 3 slots: 0x00000231ebb690c0 points into unknown readable memory: 0x6e616c2e6176616a | 6a 61 76 61 2e 6c 61 6e
stack at sp + 4 slots: 0x000000000000002f is an unknown value
stack at sp + 5 slots: 0x00007fffce612b9b libasyncProfiler.dll
stack at sp + 6 slots: 0x0 is null
stack at sp + 7 slots: 0x00000231ebb68d38 points into unknown readable memory: 0x00007fffd40917b0 | b0 17 09 d4 ff 7f 00 00

Lock stack of current Java thread (top to bottom):


---------------  P R O C E S S  ---------------

Threads class SMR info:
_java_thread_list=0x00000231c653b270, length=34, elements={
0x00000231ebb626f0, 0x00000231ebb661a0, 0x00000231ebb67e40, 0x00000231ebb68970,
0x00000231ebb694a0, 0x00000231ebb69fd0, 0x00000231ebb6ab00, 0x00000231c50858b0,
0x00000231c57212c0, 0x00000231c5856aa0, 0x00000231c5a33630, 0x00000231c5a4b890,
0x00000231c5a8e210, 0x00000231c5a9ffa0, 0x00000231c5b54fc0, 0x00000231c61fa0a0,
0x00000231c61fb690, 0x00000231c61fa7f0, 0x00000231c61faf40, 0x00000231c582d980,
0x00000231c5828910, 0x00000231c582bc40, 0x00000231c5826bd0, 0x00000231c582e0d0,
0x00000231c5827a70, 0x00000231c582ada0, 0x00000231c582c390, 0x00000231c58281c0,
0x00000231c582cae0, 0x00000231c58297b0, 0x00000231c582d230, 0x00000231c5829060,
0x00000231c87626a0, 0x00000231c5829f00
}

Java Threads: ( => current thread )
  0x00000231ebb626f0 JavaThread "Reference Handler"          daemon [_thread_blocked, id=10676, stack(0x000000674a900000,0x000000674aa00000) (1024K)]
  0x00000231ebb661a0 JavaThread "Finalizer"                  daemon [_thread_blocked, id=6100, stack(0x000000674aa00000,0x000000674ab00000) (1024K)]
  0x00000231ebb67e40 JavaThread "Signal Dispatcher"          daemon [_thread_blocked, id=6964, stack(0x000000674ab00000,0x000000674ac00000) (1024K)]
=>0x00000231ebb68970 JavaThread "Attach Listener"            daemon [_thread_in_native, id=11848, stack(0x000000674ac00000,0x000000674ad00000) (1024K)]
  0x00000231ebb694a0 JavaThread "Service Thread"             daemon [_thread_blocked, id=1372, stack(0x000000674ad00000,0x000000674ae00000) (1024K)]
  0x00000231ebb69fd0 JavaThread "Monitor Deflation Thread"   daemon [_thread_blocked, id=12516, stack(0x000000674ae00000,0x000000674af00000) (1024K)]
  0x00000231ebb6ab00 JavaThread "C1 CompilerThread0"         daemon [_thread_blocked, id=10396, stack(0x000000674af00000,0x000000674b000000) (1024K)]
  0x00000231c50858b0 JavaThread "Common-Cleaner"             daemon [_thread_blocked, id=10380, stack(0x000000674b200000,0x000000674b300000) (1024K)]
  0x00000231c57212c0 JavaThread "Monitor Ctrl-Break"         daemon [_thread_in_native, id=6072, stack(0x000000674b100000,0x000000674b200000) (1024K)]
  0x00000231c5856aa0 JavaThread "Notification Thread"        daemon [_thread_blocked, id=12620, stack(0x000000674b300000,0x000000674b400000) (1024K)]
  0x00000231c5a33630 JavaThread "RMI TCP Accept-0"           daemon [_thread_in_native, id=14332, stack(0x000000674b500000,0x000000674b600000) (1024K)]
  0x00000231c5a4b890 JavaThread "RMI TCP Connection(idle)"   daemon [_thread_blocked, id=13376, stack(0x000000674b600000,0x000000674b700000) (1024K)]
  0x00000231c5a8e210 JavaThread "RMI Scheduler(0)"           daemon [_thread_blocked, id=3748, stack(0x000000674b700000,0x000000674b800000) (1024K)]
  0x00000231c5a9ffa0 JavaThread "JMX server connection timeout 28" daemon [_thread_blocked, id=8700, stack(0x000000674b800000,0x000000674b900000) (1024K)]
  0x00000231c5b54fc0 JavaThread "RMI TCP Connection(2)-192.168.56.1" daemon [_thread_in_native, id=8200, stack(0x000000674b900000,0x000000674ba00000) (1024K)]
  0x00000231c61fa0a0 JavaThread "Catalina-utility-1"                [_thread_blocked, id=1836, stack(0x000000674ba00000,0x000000674bb00000) (1024K)]
  0x00000231c61fb690 JavaThread "Catalina-utility-2"                [_thread_blocked, id=7636, stack(0x000000674bb00000,0x000000674bc00000) (1024K)]
  0x00000231c61fa7f0 JavaThread "container-0"                       [_thread_blocked, id=12892, stack(0x000000674bc00000,0x000000674bd00000) (1024K)]
  0x00000231c61faf40 JavaThread "http-nio-8080-exec-1"       daemon [_thread_blocked, id=9488, stack(0x000000674bd00000,0x000000674be00000) (1024K)]
  0x00000231c582d980 JavaThread "http-nio-8080-exec-2"       daemon [_thread_blocked, id=6660, stack(0x000000674be00000,0x000000674bf00000) (1024K)]
  0x00000231c5828910 JavaThread "http-nio-8080-exec-3"       daemon [_thread_blocked, id=9096, stack(0x000000674bf00000,0x000000674c000000) (1024K)]
  0x00000231c582bc40 JavaThread "http-nio-8080-exec-4"       daemon [_thread_blocked, id=3760, stack(0x000000674c000000,0x000000674c100000) (1024K)]
  0x00000231c5826bd0 JavaThread "http-nio-8080-exec-5"       daemon [_thread_blocked, id=4252, stack(0x000000674c100000,0x000000674c200000) (1024K)]
  0x00000231c582e0d0 JavaThread "http-nio-8080-exec-6"       daemon [_thread_blocked, id=10976, stack(0x000000674c200000,0x000000674c300000) (1024K)]
  0x00000231c5827a70 JavaThread "http-nio-8080-exec-7"       daemon [_thread_blocked, id=12852, stack(0x000000674c300000,0x000000674c400000) (1024K)]
  0x00000231c582ada0 JavaThread "http-nio-8080-exec-8"       daemon [_thread_blocked, id=572, stack(0x000000674c400000,0x000000674c500000) (1024K)]
  0x00000231c582c390 JavaThread "http-nio-8080-exec-9"       daemon [_thread_blocked, id=10408, stack(0x000000674c500000,0x000000674c600000) (1024K)]
  0x00000231c58281c0 JavaThread "http-nio-8080-exec-10"      daemon [_thread_blocked, id=7780, stack(0x000000674c600000,0x000000674c700000) (1024K)]
  0x00000231c582cae0 JavaThread "http-nio-8080-Poller"       daemon [_thread_in_native, id=12308, stack(0x000000674c700000,0x000000674c800000) (1024K)]
  0x00000231c58297b0 JavaThread "http-nio-8080-Acceptor"     daemon [_thread_in_native, id=13076, stack(0x000000674c800000,0x000000674c900000) (1024K)]
  0x00000231c582d230 JavaThread "DestroyJavaVM"                     [_thread_blocked, id=11344, stack(0x000000674a100000,0x000000674a200000) (1024K)]
  0x00000231c5829060 JavaThread "JFR Recorder Thread"        daemon [_thread_in_native, id=9492, stack(0x000000674ca00000,0x000000674cb00000) (1024K)]
  0x00000231c87626a0 JavaThread "C1 CompilerThread1"         daemon [_thread_blocked, id=10932, stack(0x000000674cb00000,0x000000674cc00000) (1024K)]
  0x00000231c5829f00 JavaThread "JFR Periodic Tasks"         daemon [_thread_blocked, id=13920, stack(0x000000674cc00000,0x000000674cd00000) (1024K)]
Total: 34

Other Threads:
  0x00000231ebb50fb0 VMThread "VM Thread"                           [id=12648, stack(0x000000674a800000,0x000000674a900000) (1024K)]
  0x00000231ebb40080 WatcherThread "VM Periodic Task Thread"        [id=10260, stack(0x000000674a700000,0x000000674a800000) (1024K)]
  0x00000231dc55a890 WorkerThread "GC Thread#0"                     [id=12460, stack(0x000000674a200000,0x000000674a300000) (1024K)]
  0x00000231c5a25280 WorkerThread "GC Thread#1"                     [id=13080, stack(0x000000674b400000,0x000000674b500000) (1024K)]
  0x00000231dc56a200 ConcurrentGCThread "G1 Main Marker"            [id=14028, stack(0x000000674a300000,0x000000674a400000) (1024K)]
  0x00000231dc56b630 WorkerThread "G1 Conc#0"                       [id=12600, stack(0x000000674a400000,0x000000674a500000) (1024K)]
  0x00000231eba140b0 ConcurrentGCThread "G1 Refine#0"               [id=12520, stack(0x000000674a500000,0x000000674a600000) (1024K)]
  0x00000231eba15160 ConcurrentGCThread "G1 Service"                [id=9228, stack(0x000000674a600000,0x000000674a700000) (1024K)]
Total: 8

Threads with active compile tasks:
Total: 0

VM state: not at safepoint (normal execution)

VM Mutex/Monitor currently owned by a thread: None

Heap address: 0x00000000a2c00000, size: 1492 MB, Compressed Oops mode: 32-bit

CDS archive(s) mapped at: [0x0000023180000000-0x0000023180d40000-0x0000023180d40000), size 13893632, SharedBaseAddress: 0x0000023180000000, ArchiveRelocationMode: 1.
Compressed class space mapped at: 0x0000023181000000-0x00000231c1000000, reserved size: 1073741824
UseCompressedClassPointers 1, UseCompactObjectHeaders 0
Narrow klass pointer bits 32, Max shift 3
Narrow klass base: 0x0000023180000000, Narrow klass shift: 0
Encoding Range: [0x0000023180000000 - 0x0000023280000000), (4294967296 bytes)
Klass Range:    [0x0000023180000000 - 0x00000231c1000000), (1090519040 bytes)
Klass ID Range:  [8 - 1090519033) (1090519025)

GC Precious Log:
 CardTable entry size: 512
 Card Set container configuration: InlinePtr #cards 5 size 8 Array Of Cards #cards 10 size 36 Howl #buckets 4 coarsen threshold 1843 Howl Bitmap #cards 512 size 80 coarsen threshold 460 Card regions per heap region 1 cards per card region 2048
 CPUs: 2 total, 2 available
 Memory: 5963M
 Large Page Support: Disabled
 NUMA Support: Disabled
 Compressed Oops: Enabled (32-bit)
 Heap Region Size: 1M
 Heap Min Capacity: 8M
 Heap Initial Capacity: 94M
 Heap Max Capacity: 1492M
 Pre-touch: Disabled
 Parallel Workers: 2
 Concurrent Workers: 1
 Concurrent Refinement Workers: 2
 Periodic GC: Disabled

Heap:
 garbage-first heap   total reserved 1527808K, committed 45056K, used 29223K [0x00000000a2c00000, 0x0000000100000000)
  region size 1024K, 16 young (16384K), 2 survivors (2048K)
 Metaspace       used 28667K, committed 29120K, reserved 1114112K
  class space    used 3296K, committed 3456K, reserved 1048576K

Heap Regions: E=young(eden), S=young(survivor), O=old, HS=humongous(starts), HC=humongous(continues), CS=collection set, F=free, TAMS=top-at-mark-start, PB=parsable bottom
|   0|0x00000000a2c00000, 0x00000000a2d00000, 0x00000000a2d00000|100%| O|  |TAMS 0x00000000a2c00000| PB 0x00000000a2c00000| Untracked |  0
|   1|0x00000000a2d00000, 0x00000000a2e00000, 0x00000000a2e00000|100%| O|  |TAMS 0x00000000a2d00000| PB 0x00000000a2d00000| Untracked |  0
|   2|0x00000000a2e00000, 0x00000000a2f00000, 0x00000000a2f00000|100%| O|  |TAMS 0x00000000a2e00000| PB 0x00000000a2e00000| Untracked |  0
|   3|0x00000000a2f00000, 0x00000000a3000000, 0x00000000a3000000|100%| O|  |TAMS 0x00000000a2f00000| PB 0x00000000a2f00000| Untracked |  0
|   4|0x00000000a3000000, 0x00000000a3100000, 0x00000000a3100000|100%| O|  |TAMS 0x00000000a3000000| PB 0x00000000a3000000| Untracked |  0
|   5|0x00000000a3100000, 0x00000000a3200000, 0x00000000a3200000|100%| O|  |TAMS 0x00000000a3100000| PB 0x00000000a3100000| Untracked |  0
|   6|0x00000000a3200000, 0x00000000a32fdae8, 0x00000000a3300000| 99%| O|  |TAMS 0x00000000a3200000| PB 0x00000000a3200000| Untracked |  0
|   7|0x00000000a3300000, 0x00000000a3400000, 0x00000000a3400000|100%| O|  |TAMS 0x00000000a3300000| PB 0x00000000a3300000| Untracked |  0
|   8|0x00000000a3400000, 0x00000000a3500000, 0x00000000a3500000|100%| O|  |TAMS 0x00000000a3400000| PB 0x00000000a3400000| Untracked |  0
|   9|0x00000000a3500000, 0x00000000a3600000, 0x00000000a3600000|100%| O|  |TAMS 0x00000000a3500000| PB 0x00000000a3500000| Untracked |  0
|  10|0x00000000a3600000, 0x00000000a3700000, 0x00000000a3700000|100%| O|  |TAMS 0x00000000a3600000| PB 0x00000000a3600000| Untracked |  0
|  11|0x00000000a3700000, 0x00000000a3800000, 0x00000000a3800000|100%| O|  |TAMS 0x00000000a3700000| PB 0x00000000a3700000| Untracked |  0
|  12|0x00000000a3800000, 0x00000000a38928c0, 0x00000000a3900000| 57%| O|  |TAMS 0x00000000a3800000| PB 0x00000000a3800000| Untracked |  0
|  13|0x00000000a3900000, 0x00000000a3900000, 0x00000000a3a00000|  0%| F|  |TAMS 0x00000000a3900000| PB 0x00000000a3900000| Untracked |  0
|  14|0x00000000a3a00000, 0x00000000a3a00000, 0x00000000a3b00000|  0%| F|  |TAMS 0x00000000a3a00000| PB 0x00000000a3a00000| Untracked |  0
|  15|0x00000000a3b00000, 0x00000000a3b00000, 0x00000000a3c00000|  0%| F|  |TAMS 0x00000000a3b00000| PB 0x00000000a3b00000| Untracked |  0
|  16|0x00000000a3c00000, 0x00000000a3c00000, 0x00000000a3d00000|  0%| F|  |TAMS 0x00000000a3c00000| PB 0x00000000a3c00000| Untracked |  0
|  17|0x00000000a3d00000, 0x00000000a3d00000, 0x00000000a3e00000|  0%| F|  |TAMS 0x00000000a3d00000| PB 0x00000000a3d00000| Untracked |  0
|  18|0x00000000a3e00000, 0x00000000a3e00000, 0x00000000a3f00000|  0%| F|  |TAMS 0x00000000a3e00000| PB 0x00000000a3e00000| Untracked |  0
|  19|0x00000000a3f00000, 0x00000000a3f00000, 0x00000000a4000000|  0%| F|  |TAMS 0x00000000a3f00000| PB 0x00000000a3f00000| Untracked |  0
|  20|0x00000000a4000000, 0x00000000a4000000, 0x00000000a4100000|  0%| F|  |TAMS 0x00000000a4000000| PB 0x00000000a4000000| Untracked |  0
|  21|0x00000000a4100000, 0x00000000a4100000, 0x00000000a4200000|  0%| F|  |TAMS 0x00000000a4100000| PB 0x00000000a4100000| Untracked |  0
|  22|0x00000000a4200000, 0x00000000a42f9960, 0x00000000a4300000| 97%| S|CS|TAMS 0x00000000a4200000| PB 0x00000000a4200000| Complete |  0
|  23|0x00000000a4300000, 0x00000000a4400000, 0x00000000a4400000|100%| S|CS|TAMS 0x00000000a4300000| PB 0x00000000a4300000| Complete |  0
|  24|0x00000000a4400000, 0x00000000a4400000, 0x00000000a4500000|  0%| F|  |TAMS 0x00000000a4400000| PB 0x00000000a4400000| Untracked |  0
|  25|0x00000000a4500000, 0x00000000a4500000, 0x00000000a4600000|  0%| F|  |TAMS 0x00000000a4500000| PB 0x00000000a4500000| Untracked |  0
|  26|0x00000000a4600000, 0x00000000a4600000, 0x00000000a4700000|  0%| F|  |TAMS 0x00000000a4600000| PB 0x00000000a4600000| Untracked |  0
|  27|0x00000000a4700000, 0x00000000a4700000, 0x00000000a4800000|  0%| F|  |TAMS 0x00000000a4700000| PB 0x00000000a4700000| Untracked |  0
|  28|0x00000000a4800000, 0x00000000a4800000, 0x00000000a4900000|  0%| F|  |TAMS 0x00000000a4800000| PB 0x00000000a4800000| Untracked |  0
|  29|0x00000000a4900000, 0x00000000a4946aa0, 0x00000000a4a00000| 27%| E|  |TAMS 0x00000000a4900000| PB 0x00000000a4900000| Complete |  0
|  30|0x00000000a4a00000, 0x00000000a4b00000, 0x00000000a4b00000|100%| E|CS|TAMS 0x00000000a4a00000| PB 0x00000000a4a00000| Complete |  0
|  31|0x00000000a4b00000, 0x00000000a4c00000, 0x00000000a4c00000|100%| E|CS|TAMS 0x00000000a4b00000| PB 0x00000000a4b00000| Complete |  0
|  32|0x00000000a4c00000, 0x00000000a4d00000, 0x00000000a4d00000|100%| E|CS|TAMS 0x00000000a4c00000| PB 0x00000000a4c00000| Complete |  0
|  33|0x00000000a4d00000, 0x00000000a4e00000, 0x00000000a4e00000|100%| E|CS|TAMS 0x00000000a4d00000| PB 0x00000000a4d00000| Complete |  0
|  34|0x00000000a4e00000, 0x00000000a4f00000, 0x00000000a4f00000|100%| E|CS|TAMS 0x00000000a4e00000| PB 0x00000000a4e00000| Complete |  0
|  35|0x00000000a4f00000, 0x00000000a5000000, 0x00000000a5000000|100%| E|CS|TAMS 0x00000000a4f00000| PB 0x00000000a4f00000| Complete |  0
|  36|0x00000000a5000000, 0x00000000a5100000, 0x00000000a5100000|100%| E|CS|TAMS 0x00000000a5000000| PB 0x00000000a5000000| Complete |  0
|  37|0x00000000a5100000, 0x00000000a5200000, 0x00000000a5200000|100%| E|CS|TAMS 0x00000000a5100000| PB 0x00000000a5100000| Complete |  0
|  89|0x00000000a8500000, 0x00000000a8600000, 0x00000000a8600000|100%| E|CS|TAMS 0x00000000a8500000| PB 0x00000000a8500000| Complete |  0
|  90|0x00000000a8600000, 0x00000000a8700000, 0x00000000a8700000|100%| E|CS|TAMS 0x00000000a8600000| PB 0x00000000a8600000| Complete |  0
|  91|0x00000000a8700000, 0x00000000a8800000, 0x00000000a8800000|100%| E|CS|TAMS 0x00000000a8700000| PB 0x00000000a8700000| Complete |  0
|  92|0x00000000a8800000, 0x00000000a8900000, 0x00000000a8900000|100%| E|CS|TAMS 0x00000000a8800000| PB 0x00000000a8800000| Complete |  0
|1490|0x00000000ffe00000, 0x00000000fff00000, 0x00000000fff00000|100%| O|  |TAMS 0x00000000ffe00000| PB 0x00000000ffe00000| Untracked |  0
|1491|0x00000000fff00000, 0x0000000100000000, 0x0000000100000000|100%| E|CS|TAMS 0x00000000fff00000| PB 0x00000000fff00000| Complete |  0

Card table byte_map: [0x00000231e7da0000,0x00000231e8090000] _byte_map_base: 0x00000231e788a000

Marking Bits: (CMBitMap*) 0x00000231dc55afa0
 Bits: [0x00000231e8090000, 0x00000231e97e0000)

Polling page: 0x00000231da4d0000

Metaspace:

Usage:
  Non-class:     24.78 MB used.
      Class:      3.22 MB used.
       Both:     28.00 MB used.

Virtual space:
  Non-class space:       64.00 MB reserved,      25.06 MB ( 39%) committed,  1 nodes.
      Class space:        1.00 GB reserved,       3.38 MB ( <1%) committed,  1 nodes.
             Both:        1.06 GB reserved,      28.44 MB (  3%) committed. 

Chunk freelists:
   Non-Class:  6.12 MB
       Class:  12.58 MB
        Both:  18.69 MB

MaxMetaspaceSize: unlimited
CompressedClassSpaceSize: 1.00 GB
Initial GC threshold: 21.00 MB
Current GC threshold: 35.12 MB
CDS: on
 - commit_granule_bytes: 65536.
 - commit_granule_words: 8192.
 - virtual_space_node_default_size: 8388608.
 - enlarge_chunks_in_place: 1.
UseCompressedClassPointers 1, UseCompactObjectHeaders 0
Narrow klass pointer bits 32, Max shift 3
Narrow klass base: 0x0000023180000000, Narrow klass shift: 0
Encoding Range: [0x0000023180000000 - 0x0000023280000000), (4294967296 bytes)
Klass Range:    [0x0000023180000000 - 0x00000231c1000000), (1090519040 bytes)
Klass ID Range:  [8 - 1090519033) (1090519025)


Internal statistics:

num_allocs_failed_limit: 3.
num_arena_births: 508.
num_arena_deaths: 0.
num_vsnodes_births: 2.
num_vsnodes_deaths: 0.
num_space_committed: 455.
num_space_uncommitted: 0.
num_chunks_returned_to_freelist: 3.
num_chunks_taken_from_freelist: 1415.
num_chunk_merges: 3.
num_chunk_splits: 983.
num_chunks_enlarged: 753.
num_inconsistent_stats: 0.

CodeCache: size=49152Kb used=7133Kb max_used=7133Kb free=42018Kb
 bounds [0x00000231e4da0000, 0x00000231e54d0000, 0x00000231e7da0000]
 total_blobs=5097, nmethods=4549, adapters=474, full_count=0
Compilation: enabled, stopped_count=0, restarted_count=0

Compilation events (20 events):
Event: 37.524 Thread 0x00000231ebb6ab00 4540       1       jdk.jfr.internal.EventControl$NamedControl::control (5 bytes)
Event: 37.524 Thread 0x00000231ebb6ab00 nmethod 4540 0x00000231e4f02708 code [0x00000231e4f02800, 0x00000231e4f028c8]
Event: 37.524 Thread 0x00000231ebb6ab00 4541       1       jdk.jfr.internal.Control::getLastValue (5 bytes)
Event: 37.524 Thread 0x00000231ebb6ab00 nmethod 4541 0x00000231e4f02408 code [0x00000231e4f02500, 0x00000231e4f025c8]
Event: 37.524 Thread 0x00000231ebb6ab00 4542       1       jdk.jfr.internal.settings.BooleanSetting::getValue (5 bytes)
Event: 37.524 Thread 0x00000231ebb6ab00 nmethod 4542 0x00000231e4f02108 code [0x00000231e4f02200, 0x00000231e4f022c8]
Event: 37.524 Thread 0x00000231ebb6ab00 4544       1       jdk.jfr.internal.EventControl::getEventType (5 bytes)
Event: 37.524 Thread 0x00000231ebb6ab00 nmethod 4544 0x00000231e4f01e08 code [0x00000231e4f01f00, 0x00000231e4f01fc8]
Event: 37.524 Thread 0x00000231ebb6ab00 4545       1       jdk.jfr.internal.EventControl::getSettingsId (5 bytes)
Event: 37.524 Thread 0x00000231ebb6ab00 nmethod 4545 0x00000231e4f01b08 code [0x00000231e4f01c00, 0x00000231e4f01cc8]
Event: 37.524 Thread 0x00000231ebb6ab00 4546       1       jdk.jfr.internal.EventControl::getNamedControls (5 bytes)
Event: 37.524 Thread 0x00000231ebb6ab00 nmethod 4546 0x00000231e4f01808 code [0x00000231e4f01900, 0x00000231e4f019c8]
Event: 37.524 Thread 0x00000231ebb6ab00 4547       1       jdk.jfr.internal.PlatformEventType::isEnabled (5 bytes)
Event: 37.524 Thread 0x00000231ebb6ab00 nmethod 4547 0x00000231e4f01508 code [0x00000231e4f01600, 0x00000231e4f016c8]
Event: 37.524 Thread 0x00000231c87626a0 4548   !   1       jdk.jfr.internal.Control::setValue (102 bytes)
Event: 37.525 Thread 0x00000231c87626a0 nmethod 4548 0x00000231e4f00c08 code [0x00000231e4f00e00, 0x00000231e4f01470]
Event: 37.532 Thread 0x00000231c87626a0 4549       1       jdk.jfr.internal.periodic.EventTask::getEventType (5 bytes)
Event: 37.532 Thread 0x00000231c87626a0 nmethod 4549 0x00000231e4f00908 code [0x00000231e4f00a00, 0x00000231e4f00ac8]
Event: 37.536 Thread 0x00000231ebb6ab00 4550       1       jdk.jfr.internal.periodic.PeriodicTask::getPeriod (5 bytes)
Event: 37.537 Thread 0x00000231ebb6ab00 nmethod 4550 0x00000231e4f00608 code [0x00000231e4f00700, 0x00000231e4f007c8]

GC Heap History (12 events):
Event: 1.138 GC heap before
{Heap before GC invocations=0 (full 0):
 garbage-first heap   total reserved 1527808K, committed 98304K, used 15472K [0x00000000a2c00000, 0x0000000100000000)
  region size 1024K, 14 young (14336K), 0 survivors (0K)
 Metaspace       used 4364K, committed 4544K, reserved 1114112K
  class space    used 423K, committed 512K, reserved 1048576K
}
Event: 1.150 GC heap after
{Heap after GC invocations=1 (full 0):
 garbage-first heap   total reserved 1527808K, committed 98304K, used 5169K [0x00000000a2c00000, 0x0000000100000000)
  region size 1024K, 2 young (2048K), 2 survivors (2048K)
 Metaspace       used 4364K, committed 4544K, reserved 1114112K
  class space    used 423K, committed 512K, reserved 1048576K
}
Event: 4.400 GC heap before
{Heap before GC invocations=1 (full 0):
 garbage-first heap   total reserved 1527808K, committed 98304K, used 44081K [0x00000000a2c00000, 0x0000000100000000)
  region size 1024K, 40 young (40960K), 2 survivors (2048K)
 Metaspace       used 13717K, committed 14016K, reserved 1114112K
  class space    used 1500K, committed 1600K, reserved 1048576K
}
Event: 4.421 GC heap after
{Heap after GC invocations=2 (full 0):
 garbage-first heap   total reserved 1527808K, committed 98304K, used 8241K [0x00000000a2c00000, 0x0000000100000000)
  region size 1024K, 5 young (5120K), 5 survivors (5120K)
 Metaspace       used 13717K, committed 14016K, reserved 1114112K
  class space    used 1500K, committed 1600K, reserved 1048576K
}
Event: 6.261 GC heap before
{Heap before GC invocations=2 (full 0):
 garbage-first heap   total reserved 1527808K, committed 98304K, used 49201K [0x00000000a2c00000, 0x0000000100000000)
  region size 1024K, 46 young (47104K), 5 survivors (5120K)
 Metaspace       used 21186K, committed 21504K, reserved 1114112K
  class space    used 2361K, committed 2496K, reserved 1048576K
}
Event: 6.296 GC heap after
{Heap after GC invocations=3 (full 0):
 garbage-first heap   total reserved 1527808K, committed 98304K, used 11267K [0x00000000a2c00000, 0x0000000100000000)
  region size 1024K, 6 young (6144K), 6 survivors (6144K)
 Metaspace       used 21186K, committed 21504K, reserved 1114112K
  class space    used 2361K, committed 2496K, reserved 1048576K
}
Event: 6.300 GC heap before
{Heap before GC invocations=3 (full 0):
 garbage-first heap   total reserved 1527808K, committed 98304K, used 11267K [0x00000000a2c00000, 0x0000000100000000)
  region size 1024K, 7 young (7168K), 6 survivors (6144K)
 Metaspace       used 21219K, committed 21504K, reserved 1114112K
  class space    used 2361K, committed 2496K, reserved 1048576K
}
Event: 6.319 GC heap after
{Heap after GC invocations=4 (full 0):
 garbage-first heap   total reserved 1527808K, committed 98304K, used 11879K [0x00000000a2c00000, 0x0000000100000000)
  region size 1024K, 4 young (4096K), 4 survivors (4096K)
 Metaspace       used 21219K, committed 21504K, reserved 1114112K
  class space    used 2361K, committed 2496K, reserved 1048576K
}
Event: 7.335 GC heap before
{Heap before GC invocations=5 (full 0):
 garbage-first heap   total reserved 1527808K, committed 45056K, used 34407K [0x00000000a2c00000, 0x0000000100000000)
  region size 1024K, 26 young (26624K), 4 survivors (4096K)
 Metaspace       used 24752K, committed 25216K, reserved 1114112K
  class space    used 2806K, committed 3008K, reserved 1048576K
}
Event: 7.356 GC heap after
{Heap after GC invocations=6 (full 0):
 garbage-first heap   total reserved 1527808K, committed 45056K, used 14040K [0x00000000a2c00000, 0x0000000100000000)
  region size 1024K, 3 young (3072K), 3 survivors (3072K)
 Metaspace       used 24752K, committed 25216K, reserved 1114112K
  class space    used 2806K, committed 3008K, reserved 1048576K
}
Event: 8.141 GC heap before
{Heap before GC invocations=6 (full 0):
 garbage-first heap   total reserved 1527808K, committed 45056K, used 32472K [0x00000000a2c00000, 0x0000000100000000)
  region size 1024K, 21 young (21504K), 3 survivors (3072K)
 Metaspace       used 27415K, committed 27840K, reserved 1114112K
  class space    used 3126K, committed 3328K, reserved 1048576K
}
Event: 8.157 GC heap after
{Heap after GC invocations=7 (full 0):
 garbage-first heap   total reserved 1527808K, committed 45056K, used 15911K [0x00000000a2c00000, 0x0000000100000000)
  region size 1024K, 2 young (2048K), 2 survivors (2048K)
 Metaspace       used 27415K, committed 27840K, reserved 1114112K
  class space    used 3126K, committed 3328K, reserved 1048576K
}

Dll operation events (12 events):
Event: 0.036 Loaded shared library C:\Users\25261\.jdks\openjdk-24.0.1\bin\java.dll
Event: 0.329 Loaded shared library C:\Users\25261\.jdks\openjdk-24.0.1\bin\zip.dll
Event: 0.347 Loaded shared library C:\Users\25261\.jdks\openjdk-24.0.1\bin\instrument.dll
Event: 0.424 Loaded shared library C:\Users\25261\.jdks\openjdk-24.0.1\bin\net.dll
Event: 0.429 Loaded shared library C:\Users\25261\.jdks\openjdk-24.0.1\bin\nio.dll
Event: 0.443 Loaded shared library C:\Users\25261\.jdks\openjdk-24.0.1\bin\zip.dll
Event: 0.485 Loaded shared library C:\Users\25261\.jdks\openjdk-24.0.1\bin\jimage.dll
Event: 0.630 Loaded shared library C:\Users\25261\.jdks\openjdk-24.0.1\bin\management.dll
Event: 0.631 Loaded shared library C:\Users\25261\.jdks\openjdk-24.0.1\bin\extnet.dll
Event: 0.652 Loaded shared library C:\Users\25261\.jdks\openjdk-24.0.1\bin\management_ext.dll
Event: 4.864 Loaded shared library C:\Users\25261\.jdks\openjdk-24.0.1\bin\sunmscapi.dll
Event: 37.097 Loaded shared library C:\Users\25261\AppData\Local\Temp\idea_libasyncProfiler_dll_temp_folder\libasyncProfiler.dll

Deoptimization events (0 events):
No events

Classes loaded (20 events):
Event: 37.478 Loading class jdk/jfr/internal/MetadataDescriptor$Element
Event: 37.478 Loading class jdk/jfr/internal/MetadataDescriptor$Element done
Event: 37.479 Loading class jdk/jfr/internal/MetadataDescriptor$Attribute
Event: 37.479 Loading class jdk/jfr/internal/MetadataDescriptor$Attribute done
Event: 37.494 Loading class jdk/jfr/internal/consumer/StringParser$Encoding
Event: 37.495 Loading class jdk/jfr/internal/consumer/StringParser$Encoding done
Event: 37.510 Loading class jdk/jfr/internal/consumer/RepositoryFiles
Event: 37.510 Loading class jdk/jfr/internal/consumer/RepositoryFiles done
Event: 37.517 Loading class jdk/jfr/internal/SettingsManager$InternalSetting
Event: 37.518 Loading class jdk/jfr/internal/SettingsManager$InternalSetting done
Event: 37.521 Loading class jdk/jfr/internal/util/Rate
Event: 37.521 Loading class jdk/jfr/internal/util/Rate done
Event: 37.521 Loading class jdk/jfr/internal/util/TimespanUnit
Event: 37.522 Loading class jdk/jfr/internal/util/TimespanUnit done
Event: 37.522 Loading class jdk/jfr/internal/util/ValueParser
Event: 37.522 Loading class jdk/jfr/internal/util/ValueParser done
Event: 37.525 Loading class jdk/jfr/internal/periodic/PeriodicType
Event: 37.525 Loading class jdk/jfr/internal/periodic/PeriodicType done
Event: 37.537 Loading class jdk/jfr/internal/periodic/Batch
Event: 37.537 Loading class jdk/jfr/internal/periodic/Batch done

Classes unloaded (0 events):
No events

Classes redefined (0 events):
No events

Internal exceptions (20 events):
Event: 7.007 Thread 0x00000231dc511e20 Exception <a 'java/io/IOException'{0x00000000a41a65c0}> (0x00000000a41a65c0) 
thrown [s\open\src\hotspot\share\prims\jni.cpp, line 518]
Event: 7.041 Thread 0x00000231dc511e20 Exception <a 'java/io/IOException'{0x00000000a402d1d0}> (0x00000000a402d1d0) 
thrown [s\open\src\hotspot\share\prims\jni.cpp, line 518]
Event: 7.043 Thread 0x00000231dc511e20 Exception <a 'java/io/IOException'{0x00000000a4030d08}> (0x00000000a4030d08) 
thrown [s\open\src\hotspot\share\prims\jni.cpp, line 518]
Event: 7.044 Thread 0x00000231dc511e20 Exception <a 'java/io/IOException'{0x00000000a40317e0}> (0x00000000a40317e0) 
thrown [s\open\src\hotspot\share\prims\jni.cpp, line 518]
Event: 7.075 Thread 0x00000231dc511e20 Exception <a 'java/lang/NoSuchMethodError'{0x00000000a40f58c0}: 'int java.lang.invoke.DirectMethodHandle$Holder.invokeInterface(java.lang.Object, java.lang.Object, java.lang.Object, java.lang.Object)'> (0x00000000a40f58c0) 
thrown [s\open\src\hotspot\share\interpreter\linkResolver.cpp, line 805]
Event: 7.426 Thread 0x00000231dc511e20 Exception <a 'java/lang/NoSuchMethodError'{0x00000000a87894c0}: 'java.lang.Object java.lang.invoke.DirectMethodHandle$Holder.newInvokeSpecial(java.lang.Object, java.lang.Object, java.lang.Object, java.lang.Object, java.lang.Object, java.lang.Object, java.lang.Object, java.lang.Object)'> (0x00000000a87894c0) 
thrown [s\open\src\hotspot\share\interpreter\linkResolver.cpp, line 805]
Event: 7.448 Thread 0x00000231dc511e20 Exception <a 'java/io/IOException'{0x00000000a86132f0}> (0x00000000a86132f0) 
thrown [s\open\src\hotspot\share\prims\jni.cpp, line 518]
Event: 7.796 Thread 0x00000231dc511e20 Exception <a 'java/lang/IncompatibleClassChangeError'{0x00000000a4c2ee68}: Found class java.lang.Object, but interface was expected> (0x00000000a4c2ee68) 
thrown [s\open\src\hotspot\share\interpreter\linkResolver.cpp, line 872]
Event: 7.856 Thread 0x00000231dc511e20 Exception <a 'java/lang/NoSuchMethodError'{0x00000000a4bf22d0}: 'void java.lang.invoke.DirectMethodHandle$Holder.invokeVirtual(java.lang.Object, java.lang.Object, long)'> (0x00000000a4bf22d0) 
thrown [s\open\src\hotspot\share\interpreter\linkResolver.cpp, line 805]
Event: 7.931 Thread 0x00000231dc511e20 Exception <a 'java/lang/NoSuchMethodError'{0x00000000a49cc610}: 'int java.lang.invoke.DirectMethodHandle$Holder.invokeStaticInit(java.lang.Object, java.lang.Object, java.lang.Object, java.lang.Object)'> (0x00000000a49cc610) 
thrown [s\open\src\hotspot\share\interpreter\linkResolver.cpp, line 805]
Event: 8.115 Thread 0x00000231dc511e20 Exception <a 'java/lang/NoSuchMethodError'{0x00000000a45c87e0}: 'java.lang.Object java.lang.invoke.DirectMethodHandle$Holder.newInvokeSpecial(java.lang.Object, java.lang.Object, int, java.lang.Object, java.lang.Object)'> (0x00000000a45c87e0) 
thrown [s\open\src\hotspot\share\interpreter\linkResolver.cpp, line 805]
Event: 8.678 Thread 0x00000231c5b54fc0 Exception <a 'java/lang/NoSuchMethodError'{0x00000000a888cef0}: 'java.lang.Object java.lang.invoke.DirectMethodHandle$Holder.invokeInterface(java.lang.Object, java.lang.Object, java.lang.Object, java.lang.Object, java.lang.Object, java.lang.Object, java.lang.Object)'> (0x00000000a888cef0) 
thrown [s\open\src\hotspot\share\interpreter\linkResolver.cpp, line 805]
Event: 8.689 Thread 0x00000231c5b54fc0 Exception <a 'java/lang/NoSuchMethodError'{0x00000000a88dff68}: 'java.lang.Object java.lang.invoke.DirectMethodHandle$Holder.invokeStatic(java.lang.Object, java.lang.Object, java.lang.Object, java.lang.Object, java.lang.Object, java.lang.Object, java.lang.Object, java.lang.Object, java.lang.Object, java.lang.Object)'> (0x00000000a88dff68) 
thrown [s\open\src\hotspot\share\interpreter\linkResolver.cpp, line 805]
Event: 37.232 Thread 0x00000231ebb68970 Exception <a 'java/lang/NoSuchMethodError'{0x00000000a86b2e58}: 'void java.lang.invoke.DirectMethodHandle$Holder.invokeStaticInit(java.lang.Object)'> (0x00000000a86b2e58) 
thrown [s\open\src\hotspot\share\interpreter\linkResolver.cpp, line 805]
Event: 37.451 Thread 0x00000231ebb68970 Exception <a 'java/lang/NoSuchMethodError'{0x00000000a4d5fcd8}: 'void java.lang.invoke.DirectMethodHandle$Holder.invokeSpecial(java.lang.Object, java.lang.Object, int)'> (0x00000000a4d5fcd8) 
thrown [s\open\src\hotspot\share\interpreter\linkResolver.cpp, line 805]
Event: 37.452 Thread 0x00000231ebb68970 Exception <a 'java/lang/NoSuchMethodError'{0x00000000a4d678f8}: 'void java.lang.invoke.Invokers$Holder.invokeExact_MT(java.lang.Object, int, java.lang.Object)'> (0x00000000a4d678f8) 
thrown [s\open\src\hotspot\share\interpreter\linkResolver.cpp, line 805]
Event: 37.455 Thread 0x00000231ebb68970 Exception <a 'java/lang/NoSuchMethodError'{0x00000000a4d88db8}: 'java.lang.Object java.lang.invoke.DirectMethodHandle$Holder.newInvokeSpecial(java.lang.Object, java.lang.Object, int)'> (0x00000000a4d88db8) 
thrown [s\open\src\hotspot\share\interpreter\linkResolver.cpp, line 805]
Event: 37.461 Thread 0x00000231ebb68970 Exception <a 'sun/nio/fs/WindowsException'{0x00000000a4dbcec0}> (0x00000000a4dbcec0) 
thrown [s\open\src\hotspot\share\prims\jni.cpp, line 518]
Event: 37.465 Thread 0x00000231ebb68970 Exception <a 'sun/nio/fs/WindowsException'{0x00000000a4dc9c78}> (0x00000000a4dc9c78) 
thrown [s\open\src\hotspot\share\prims\jni.cpp, line 518]
Event: 37.473 Thread 0x00000231ebb68970 Exception <a 'sun/nio/fs/WindowsException'{0x00000000a4ddb928}> (0x00000000a4ddb928) 
thrown [s\open\src\hotspot\share\prims\jni.cpp, line 518]

VM Operations (20 events):
Event: 7.114 Executing VM operation: HandshakeAllThreads (Deoptimize)
Event: 7.114 Executing VM operation: HandshakeAllThreads (Deoptimize) done
Event: 7.252 Executing VM operation: HandshakeAllThreads (Deoptimize)
Event: 7.252 Executing VM operation: HandshakeAllThreads (Deoptimize) done
Event: 7.335 Executing VM operation: G1CollectForAllocation (G1 Evacuation Pause)
Event: 7.356 Executing VM operation: G1CollectForAllocation (G1 Evacuation Pause) done
Event: 7.499 Executing VM operation: HandshakeAllThreads (Deoptimize)
Event: 7.500 Executing VM operation: HandshakeAllThreads (Deoptimize) done
Event: 7.526 Executing VM operation: HandshakeAllThreads (Deoptimize)
Event: 7.526 Executing VM operation: HandshakeAllThreads (Deoptimize) done
Event: 7.601 Executing VM operation: HandshakeAllThreads (Deoptimize)
Event: 7.602 Executing VM operation: HandshakeAllThreads (Deoptimize) done
Event: 7.811 Executing VM operation: HandshakeAllThreads (Deoptimize)
Event: 7.811 Executing VM operation: HandshakeAllThreads (Deoptimize) done
Event: 7.893 Executing VM operation: HandshakeAllThreads (Deoptimize)
Event: 7.893 Executing VM operation: HandshakeAllThreads (Deoptimize) done
Event: 8.141 Executing VM operation: G1CollectForAllocation (G1 Evacuation Pause)
Event: 8.157 Executing VM operation: G1CollectForAllocation (G1 Evacuation Pause) done
Event: 37.511 Executing VM operation: JFRSafepointClear
Event: 37.511 Executing VM operation: JFRSafepointClear done

Memory protections (0 events):
No events

Nmethod flushes (0 events):
No events

Events (20 events):
Event: 8.139 Thread 0x00000231dc511e20 Thread added: 0x00000231c5826bd0
Event: 8.139 Thread 0x00000231dc511e20 Thread added: 0x00000231c582e0d0
Event: 8.139 Thread 0x00000231dc511e20 Thread added: 0x00000231c5827a70
Event: 8.139 Thread 0x00000231dc511e20 Thread added: 0x00000231c582ada0
Event: 8.140 Thread 0x00000231dc511e20 Thread added: 0x00000231c582c390
Event: 8.140 Thread 0x00000231dc511e20 Thread added: 0x00000231c58281c0
Event: 8.176 Thread 0x00000231dc511e20 Thread added: 0x00000231c582cae0
Event: 8.178 Thread 0x00000231dc511e20 Thread added: 0x00000231c58297b0
Event: 8.210 Thread 0x00000231dc511e20 Thread exited: 0x00000231dc511e20
Event: 8.210 Thread 0x00000231c582d230 Thread added: 0x00000231c582d230
Event: 8.631 Thread 0x00000231c5a4b890 Thread added: 0x00000231c5827320
Event: 8.643 Thread 0x00000231c5827320 Thread exited: 0x00000231c5827320
Event: 8.644 Thread 0x00000231c5a4b890 Thread added: 0x00000231c5827320
Event: 8.695 Thread 0x00000231c5827320 Thread exited: 0x00000231c5827320
Event: 8.707 Thread 0x00000231c5b54fc0 Thread added: 0x00000231c5827320
Event: 8.729 Thread 0x00000231c5827320 Thread exited: 0x00000231c5827320
Event: 14.540 Thread 0x00000231c504e6d0 Thread exited: 0x00000231c504e6d0
Event: 37.223 Thread 0x00000231ebb68970 Thread added: 0x00000231c5829060
Event: 37.380 Thread 0x00000231ebb6ab00 Thread added: 0x00000231c87626a0
Event: 37.456 Thread 0x00000231ebb68970 Thread added: 0x00000231c5829f00


Dynamic libraries:
0x00007ff62ec60000 - 0x00007ff62ec6e000 	C:\Users\25261\.jdks\openjdk-24.0.1\bin\java.exe
0x00007ff81ced0000 - 0x00007ff81d0e7000 	C:\WINDOWS\SYSTEM32\ntdll.dll
0x00007ff81aed0000 - 0x00007ff81af94000 	C:\WINDOWS\System32\KERNEL32.DLL
0x00007ff81a4c0000 - 0x00007ff81a866000 	C:\WINDOWS\System32\KERNELBASE.dll
0x00007ff816b80000 - 0x00007ff816c17000 	C:\WINDOWS\SYSTEM32\apphelp.dll
0x00007ff81a210000 - 0x00007ff81a321000 	C:\WINDOWS\System32\ucrtbase.dll
0x00007ff80b290000 - 0x00007ff80b2a6000 	C:\Users\25261\.jdks\openjdk-24.0.1\bin\jli.dll
0x00007ff81b030000 - 0x00007ff81b1de000 	C:\WINDOWS\System32\USER32.dll
0x00007ff81a870000 - 0x00007ff81a896000 	C:\WINDOWS\System32\win32u.dll
0x00007ff81ac20000 - 0x00007ff81ac49000 	C:\WINDOWS\System32\GDI32.dll
0x00007ff81a3a0000 - 0x00007ff81a4b8000 	C:\WINDOWS\System32\gdi32full.dll
0x00007ff81ab50000 - 0x00007ff81abea000 	C:\WINDOWS\System32\msvcp_win.dll
0x00007ff806190000 - 0x00007ff8061ab000 	C:\Users\25261\.jdks\openjdk-24.0.1\bin\VCRUNTIME140.dll
0x00007ff8070d0000 - 0x00007ff807363000 	C:\WINDOWS\WinSxS\amd64_microsoft.windows.common-controls_6595b64144ccf1df_6.0.22621.2506_none_270c5ae97388e100\COMCTL32.dll
0x00007ff81b820000 - 0x00007ff81b8c7000 	C:\WINDOWS\System32\msvcrt.dll
0x00007ff81ce20000 - 0x00007ff81ce51000 	C:\WINDOWS\System32\IMM32.DLL
0x00007ff80b7c0000 - 0x00007ff80b7cc000 	C:\Users\25261\.jdks\openjdk-24.0.1\bin\vcruntime140_1.dll
0x00007fffedb60000 - 0x00007fffedbee000 	C:\Users\25261\.jdks\openjdk-24.0.1\bin\msvcp140.dll
0x00007fffd3460000 - 0x00007fffd4202000 	C:\Users\25261\.jdks\openjdk-24.0.1\bin\server\jvm.dll
0x00007ff81ae10000 - 0x00007ff81aec3000 	C:\WINDOWS\System32\ADVAPI32.dll
0x00007ff81c200000 - 0x00007ff81c2a8000 	C:\WINDOWS\System32\sechost.dll
0x00007ff81abf0000 - 0x00007ff81ac18000 	C:\WINDOWS\System32\bcrypt.dll
0x00007ff81c390000 - 0x00007ff81c4a7000 	C:\WINDOWS\System32\RPCRT4.dll
0x00007ff81c2b0000 - 0x00007ff81c321000 	C:\WINDOWS\System32\WS2_32.dll
0x00007ff81a0e0000 - 0x00007ff81a12d000 	C:\WINDOWS\SYSTEM32\POWRPROF.dll
0x00007ff80b860000 - 0x00007ff80b894000 	C:\WINDOWS\SYSTEM32\WINMM.dll
0x00007ff80aad0000 - 0x00007ff80aada000 	C:\WINDOWS\SYSTEM32\VERSION.dll
0x00007ff819f10000 - 0x00007ff819f23000 	C:\WINDOWS\SYSTEM32\UMPDC.dll
0x00007ff8191a0000 - 0x00007ff8191b8000 	C:\WINDOWS\SYSTEM32\kernel.appcore.dll
0x00007ff80b280000 - 0x00007ff80b28a000 	C:\Users\25261\.jdks\openjdk-24.0.1\bin\jimage.dll
0x00007ff817b50000 - 0x00007ff817d83000 	C:\WINDOWS\SYSTEM32\DBGHELP.DLL
0x00007ff81bc60000 - 0x00007ff81bfe9000 	C:\WINDOWS\System32\combase.dll
0x00007ff81bb80000 - 0x00007ff81bc57000 	C:\WINDOWS\System32\OLEAUT32.dll
0x00007ffff05e0000 - 0x00007ffff0612000 	C:\WINDOWS\SYSTEM32\dbgcore.DLL
0x00007ff81a8a0000 - 0x00007ff81a91a000 	C:\WINDOWS\System32\bcryptPrimitives.dll
0x00007ff806170000 - 0x00007ff80617f000 	C:\Users\25261\.jdks\openjdk-24.0.1\bin\instrument.dll
0x00007ff806100000 - 0x00007ff80611e000 	C:\Users\25261\.jdks\openjdk-24.0.1\bin\java.dll
0x00007ff81c060000 - 0x00007ff81c200000 	C:\WINDOWS\System32\ole32.dll
0x00007ff81c5b0000 - 0x00007ff81ce0a000 	C:\WINDOWS\System32\SHELL32.dll
0x00007ff818160000 - 0x00007ff818a56000 	C:\WINDOWS\SYSTEM32\windows.storage.dll
0x00007ff818020000 - 0x00007ff81815e000 	C:\WINDOWS\SYSTEM32\wintypes.dll
0x00007ff81c4b0000 - 0x00007ff81c5a3000 	C:\WINDOWS\System32\SHCORE.dll
0x00007ff81b1e0000 - 0x00007ff81b23e000 	C:\WINDOWS\System32\shlwapi.dll
0x00007ff81a140000 - 0x00007ff81a166000 	C:\WINDOWS\SYSTEM32\profapi.dll
0x00007ff803b20000 - 0x00007ff803b37000 	C:\Users\25261\.jdks\openjdk-24.0.1\bin\zip.dll
0x00007ff803c10000 - 0x00007ff803c20000 	C:\Users\25261\.jdks\openjdk-24.0.1\bin\net.dll
0x00007ff8196c0000 - 0x00007ff819729000 	C:\WINDOWS\system32\mswsock.dll
0x00007ff803bf0000 - 0x00007ff803c06000 	C:\Users\25261\.jdks\openjdk-24.0.1\bin\nio.dll
0x00007ff818d80000 - 0x00007ff818e79000 	C:\WINDOWS\SYSTEM32\DNSAPI.dll
0x00007ff818d00000 - 0x00007ff818d2d000 	C:\WINDOWS\SYSTEM32\IPHLPAPI.DLL
0x00007ff81b970000 - 0x00007ff81b979000 	C:\WINDOWS\System32\NSI.dll
0x00007ff811af0000 - 0x00007ff811afa000 	C:\Windows\System32\rasadhlp.dll
0x00007ff807870000 - 0x00007ff8078f3000 	C:\WINDOWS\System32\fwpuclnt.dll
0x00007ff803c50000 - 0x00007ff803c5a000 	C:\Users\25261\.jdks\openjdk-24.0.1\bin\management.dll
0x00007ff800490000 - 0x00007ff800499000 	C:\Users\25261\.jdks\openjdk-24.0.1\bin\extnet.dll
0x00007ff803c20000 - 0x00007ff803c2b000 	C:\Users\25261\.jdks\openjdk-24.0.1\bin\management_ext.dll
0x00007ff81b240000 - 0x00007ff81b248000 	C:\WINDOWS\System32\PSAPI.DLL
0x00007ff819910000 - 0x00007ff81992b000 	C:\WINDOWS\SYSTEM32\CRYPTSP.dll
0x00007ff8191c0000 - 0x00007ff8191f5000 	C:\WINDOWS\system32\rsaenh.dll
0x00007ff8197b0000 - 0x00007ff8197dc000 	C:\WINDOWS\SYSTEM32\USERENV.dll
0x00007ff819930000 - 0x00007ff81993c000 	C:\WINDOWS\SYSTEM32\CRYPTBASE.dll
0x00007ffff0920000 - 0x00007ffff0937000 	C:\WINDOWS\system32\napinsp.dll
0x00007ffff0900000 - 0x00007ffff091b000 	C:\WINDOWS\system32\pnrpnsp.dll
0x00007ffff08e0000 - 0x00007ffff08f1000 	C:\WINDOWS\System32\winrnr.dll
0x00007ff80ab30000 - 0x00007ff80ab45000 	C:\WINDOWS\system32\wshbth.dll
0x00007fffba670000 - 0x00007fffba691000 	C:\WINDOWS\system32\nlansp_c.dll
0x00007ffff6150000 - 0x00007ffff61a0000 	C:\WINDOWS\SYSTEM32\pdh.dll
0x00007ff814b70000 - 0x00007ff814b81000 	C:\WINDOWS\System32\perfproc.dll
0x00007ff814b90000 - 0x00007ff814ba0000 	C:\WINDOWS\System32\perfos.dll
0x00007ff817480000 - 0x00007ff817490000 	C:\WINDOWS\SYSTEM32\pfclient.dll
0x00007ff803a10000 - 0x00007ff803a1e000 	C:\Users\25261\.jdks\openjdk-24.0.1\bin\sunmscapi.dll
0x00007ff81a920000 - 0x00007ff81aa86000 	C:\WINDOWS\System32\CRYPT32.dll
0x00007ff819ab0000 - 0x00007ff819ade000 	C:\WINDOWS\SYSTEM32\ncrypt.dll
0x00007ff819a70000 - 0x00007ff819aa7000 	C:\WINDOWS\SYSTEM32\NTASN1.dll
0x00007ff8060f0000 - 0x00007ff8060f8000 	C:\WINDOWS\system32\wshunix.dll
0x00007fffce580000 - 0x00007fffce778000 	C:\Users\25261\AppData\Local\Temp\idea_libasyncProfiler_dll_temp_folder\libasyncProfiler.dll

JVMTI agents:
C:\Program Files\JetBrains\IntelliJ IDEA 2025.1\lib\idea_rt.jar path:C:\Users\25261\.jdks\openjdk-24.0.1\bin\instrument.dll, loaded, initialized, instrumentlib options:52313

dbghelp: loaded successfully - version: 4.0.5 - missing functions: none
symbol engine: initialized successfully - sym options: 0x614 - pdb path: .;C:\Users\25261\.jdks\openjdk-24.0.1\bin;C:\WINDOWS\SYSTEM32;C:\WINDOWS\WinSxS\amd64_microsoft.windows.common-controls_6595b64144ccf1df_6.0.22621.2506_none_270c5ae97388e100;C:\Users\25261\.jdks\openjdk-24.0.1\bin\server;C:\Users\25261\AppData\Local\Temp\idea_libasyncProfiler_dll_temp_folder

VM Arguments:
jvm_args: --enable-preview -XX:TieredStopAtLevel=1 -Dspring.output.ansi.enabled=always -Dcom.sun.management.jmxremote -Dspring.jmx.enabled=true -Dspring.liveBeansView.mbeanDomain -Dspring.application.admin.enabled=true -Dmanagement.endpoints.jmx.exposure.include=* -javaagent:C:\Program Files\JetBrains\IntelliJ IDEA 2025.1\lib\idea_rt.jar=52313 -Dfile.encoding=UTF-8 -Dsun.stdout.encoding=UTF-8 -Dsun.stderr.encoding=UTF-8 
java_command: com.just.ca226democ1220732.Ca226democ1220732Application
java_class_path (initial): C:\Users\25261\Downloads\ca226democ1220732 (1)\ca226democ1220732\target\classes;C:\Users\25261\.m2\repository\org\springframework\boot\spring-boot-starter-web\3.4.5\spring-boot-starter-web-3.4.5.jar;C:\Users\25261\.m2\repository\org\springframework\boot\spring-boot-starter\3.4.5\spring-boot-starter-3.4.5.jar;C:\Users\25261\.m2\repository\org\springframework\boot\spring-boot\3.4.5\spring-boot-3.4.5.jar;C:\Users\25261\.m2\repository\org\springframework\boot\spring-boot-autoconfigure\3.4.5\spring-boot-autoconfigure-3.4.5.jar;C:\Users\25261\.m2\repository\org\springframework\boot\spring-boot-starter-logging\3.4.5\spring-boot-starter-logging-3.4.5.jar;C:\Users\25261\.m2\repository\ch\qos\logback\logback-classic\1.5.18\logback-classic-1.5.18.jar;C:\Users\25261\.m2\repository\ch\qos\logback\logback-core\1.5.18\logback-core-1.5.18.jar;C:\Users\25261\.m2\repository\org\apache\logging\log4j\log4j-to-slf4j\2.24.3\log4j-to-slf4j-2.24.3.jar;C:\Users\25261\.m2\repository\org\apache\logging\log4j\log4j-api\2.24.3\log4j-api-2.24.3.jar;C:\Users\25261\.m2\repository\org\slf4j\jul-to-slf4j\2.0.17\jul-to-slf4j-2.0.17.jar;C:\Users\25261\.m2\repository\jakarta\annotation\jakarta.annotation-api\2.1.1\jakarta.annotation-api-2.1.1.jar;C:\Users\25261\.m2\repository\org\yaml\snakeyaml\2.3\snakeyaml-2.3.jar;C:\Users\25261\.m2\repository\org\springframework\boot\spring-boot-starter-json\3.4.5\spring-boot-starter-json-3.4.5.jar;C:\Users\25261\.m2\repository\com\fasterxml\jackson\core\jackson-databind\2.18.3\jackson-databind-2.18.3.jar;C:\Users\25261\.m2\repository\com\fasterxml\jackson\core\jackson-annotations\2.18.3\jackson-annotations-2.18.3.jar;C:\Users\25261\.m2\repository\com\fasterxml\jackson\core\jackson-core\2.18.3\jackson-core-2.18.3.jar;C:\Users\25261\.m2\repository\com\fasterxml\jackson\datatype\jackson-datatype-jdk8\2.18.3\jackson-datatype-jdk8-2.18.3.jar;C:\Users\25261\.m2\repository\com\fasterxml\jackson\datatype\jackson-datatype-jsr310\2.18.3\jackson-datatype-jsr310-2.18.3.jar;C:\Users\25261\.m2\repository\com\fasterxml\jackson\module\jackson-module-parameter-names\2.18.3\jackson-module-parameter-names-2.18.3.jar;C:\Users\25261\.m2\repository\org\springframework\boot\spring-boot-starter-tomcat\3.4.5\spring-boot-starter-tomcat-3.4.5.jar;C:\Users\25261\.m2\repository\org\apache\tomcat\embed\tomcat-embed-core\10.1.40\tomcat-embed-core-10.1.40.jar;C:\Users\25261\.m2\repository\org\apache\tomcat\embed\tomcat-embed-el\10.1.40\tomcat-embed-el-10.1.40.jar;C:\Users\25261\.m2\repository\org\apache\tomcat\embed\tomcat-embed-websocket\10.1.40\tomcat-embed-websocket-10.1.40.jar;C:\Users\25261\.m2\repository\org\springframework\spring-web\6.2.6\spring-web-6.2.6.jar;C:\Users\25261\.m2\repository\org\springframework\spring-beans\6.2.6\spring-beans-6.2.6.jar;C:\Users\25261\.m2\repository\io\micrometer\micrometer-observation\1.14.6\micrometer-observation-1.14.6.jar;C:\Users\25261\.m2\repository\io\micrometer\micrometer-commons\1.14.6\micrometer-commons-1.14.6.jar;C:\Users\25261\.m2\repository\org\springframework\spring-webmvc\6.2.6\spring-webmvc-6.2.6.jar;C:\Users\25261\.m2\repository\org\springframework\spring-aop\6.2.6\spring-aop-6.2.6.jar;C:\Users\25261\.m2\repository\org\springframework\spring-context\6.2.6\spring-context-6.2.6.jar;C:\Users\25261\.m2\repository\org\springframework\spring-expression\6.2.6\spring-expression-6.2.6.jar;C:\Users\25261\.m2\repository\org\slf4j\slf4j-api\2.0.17\slf4j-api-2.0.17.jar;C:\Users\25261\.m2\repository\org\springframework\spring-core\6.2.6\spring-core-6.2.6.jar;C:\Users\25261\.m2\repository\org\springframework\spring-jcl\6.2.6\spring-jcl-6.2.6.jar;C:\Users\25261\.m2\repository\org\projectlombok\lombok\1.18.38\lombok-1.18.38.jar
Launcher Type: SUN_STANDARD

[Global flags]
     intx CICompilerCount                          = 2                                         {product} {ergonomic}
     uint ConcGCThreads                            = 1                                         {product} {ergonomic}
     bool FlightRecorder                           = true                                      {product} {management}
     uint G1ConcRefinementThreads                  = 2                                         {product} {ergonomic}
   size_t G1HeapRegionSize                         = 1048576                                   {product} {ergonomic}
   size_t InitialHeapSize                          = 98566144                                  {product} {ergonomic}
     bool ManagementServer                         = true                                      {product} {command line}
   size_t MarkStackSize                            = 4194304                                   {product} {ergonomic}
   size_t MarkStackSizeMax                         = 536870912                                 {product} {ergonomic}
   size_t MaxHeapSize                              = 1564475392                                {product} {ergonomic}
   size_t MaxNewSize                               = 938475520                                 {product} {ergonomic}
   size_t MinHeapDeltaBytes                        = 1048576                                   {product} {ergonomic}
   size_t MinHeapSize                              = 8388608                                   {product} {ergonomic}
    uintx NonNMethodCodeHeapSize                   = 4096                                   {pd product} {ergonomic}
    uintx NonProfiledCodeHeapSize                  = 0                                      {pd product} {ergonomic}
     bool ProfileInterpreter                       = false                                  {pd product} {command line}
    uintx ProfiledCodeHeapSize                     = 0                                      {pd product} {ergonomic}
   size_t SoftMaxHeapSize                          = 1564475392                             {manageable} {ergonomic}
     intx TieredStopAtLevel                        = 1                                         {product} {command line}
     bool UseCompressedOops                        = true                           {product lp64_product} {ergonomic}
     bool UseG1GC                                  = true                                      {product} {ergonomic}
     bool UseLargePagesIndividualAllocation        = false                                  {pd product} {ergonomic}

Logging:
Log output configuration:
 #0: stdout all=warning uptime,level,tags foldmultilines=false
 #1: stderr all=off uptime,level,tags foldmultilines=false

Environment Variables:
PATH=C:\Program Files\Microsoft MPI\Bin\;C:\Program Files\Common Files\Oracle\Java\javapath;C:\Users\25261\Desktop\WINDOWS.X64_193000_db_home\bin;C:\WINDOWS\system32;C:\WINDOWS;C:\WINDOWS\System32\Wbem;C:\WINDOWS\System32\WindowsPowerShell\v1.0\;C:\WINDOWS\System32\OpenSSH\;C:\Program Files\Java\jdk-20\bin;C:\Program Files (x86)\Microsoft ASP.NET\ASP.NET Web Pages\v1.0\;c:\Program Files (x86)\Microsoft SQL Server\110\Tools\Binn\ManagementStudio\;c:\Program Files (x86)\Microsoft SQL Server\110\Tools\Binn\;c:\Program Files (x86)\Microsoft SQL Server\110\DTS\Binn\;C:\Program Files\nodejs\;C:\Users\25261\.dnx\bin;C:\Users\25261\AppData\Local\Microsoft\WindowsApps;C:\Users\25261\AppData\Local\Programs\Microsoft VS Code\bin;C:\Program Files\JetBrains\PyCharm Community Edition 2023.2.5\bin;C:\Program Files\JetBrains\IntelliJ IDEA Community Edition 2023.2.3\bin;C:\Users\25261\AppData\Roaming\npm
USERNAME=25261
OS=Windows_NT
PROCESSOR_IDENTIFIER=Intel64 Family 6 Model 122 Stepping 8, GenuineIntel
TMP=C:\Users\25261\AppData\Local\Temp
TEMP=C:\Users\25261\AppData\Local\Temp




Periodic native trim disabled

---------------  S Y S T E M  ---------------

OS:
 Windows 11 , 64 bit Build 22621 (10.0.22621.2506)
OS uptime: 1 days 0:22 hours

CPU: total 2 (initial active 2) (2 cores per cpu, 1 threads per core) family 6 model 122 stepping 8 microcode 0x20, cx8, cmov, fxsr, mmx, 3dnowpref, sse, sse2, sse3, ssse3, sse4.1, sse4.2, popcnt, tsc, tscinvbit, aes, erms, clmul, sha, clflush, clflushopt, rdtscp, rdpid
Processor Information for the first 2 processors :
  Max Mhz: 1101, Current Mhz: 1101, Mhz Limit: 1101

Memory: 4k page, system-wide physical 5963M (422M free)
TotalPageFile size 11851M (AvailPageFile size 3101M)
current process WorkingSet (physical memory assigned to process): 140M, peak: 140M
current process commit charge ("private bytes"): 192M, peak: 204M

vm_info: OpenJDK 64-Bit Server VM (24.0.1+9-30) for windows-amd64 JRE (24.0.1+9-30), built on 2025-03-05T07:23:45Z with MS VC++ 17.6 (VS2022)

END.
